Adele / 21	Details
Tracks: 12
Total time: 54:33
Year: 2011
Disc-ID: Pop / c00ccd0d

 
1.	Rolling In The Deep	7:32
2.	Rumour Has It	4:10
3.	Turning Tables	4:03
4.	Don't You Remember	4:01
5.	Set Fire To The Rain	4:37
6.	He Won't Go	3:48
7.	Take It All	4:01
8.	I'll Be Waiting	5:48
9.	One And Only	5:16
10.	Lovesong	4:43
11.	Someone Like You	3:08
12.	If It Hadn't Been For Love	3:26
