Adele / 21	Details
Tracks: 13
Total time: 0:-05
Year: 2011
Disc-ID: Pop / c00ccd0d

 
1.	Rolling In The Deep	3:49
2.	Rumour Has It	3:43
3.	Turning Tables	4:10
4.	Don't You Remember	4:03
5.	Set Fire To The Rain	4:01
6.	He Won't Go	4:37
7.	Take It All	3:48
8.	I'll Be Waiting	4:01
9.	One And Only	5:48
10.	Lovesong	5:16
11.	Someone Like You	4:43
12.	If It Hadn't Been For Love	3:08
13.	Hiding My Heart	-51:-12
